---
source: src/graphs/kosaraju.rs
expression: sort_for_test(kosaraju(input))
---
- - 0
  - 1
  - 2
- - 3
  - 4
  - 5
- - 6
- - 7
